
> frontend@0.1.0 build
> next build

Γû▓ Next.js 16.1.6 (Turbopack)

  Creating an optimized production build ...
node.exe : 
At line:1 char:1
+ & "C:\Program Files\nodejs/node.exe" "C:\Program 
Files\nodejs/node_mo ...
+ ~~~~~~~~~~~~~~~~~~~~~~~~~~~~~~~~~~~~~~~~~~~~~~~~~~~~~~~~~~~~~
~~~~~~~~
    + CategoryInfo          : NotSpecified: (:String) [], Remo 
   teException
    + FullyQualifiedErrorId : NativeCommandError
 
> Build error occurred
Error: Turbopack build failed with 6 errors:
./src/app/workflows/controls/page.tsx:4:1
Module not found: Can't resolve 
'@/components/workflows/WorkflowCanvas'
[0m [90m 2 |[39m
 [90m 3 |[39m [36mimport[39m { useState } [36mfrom[39m 
[32m"react"[39m[33m;[39m
[31m[1m>[22m[39m[90m 4 |[39m [36mimport[39m { 
[33mWorkflowCanvas[39m[33m,[39m [33mWorkflowStep[39m } 
[36mfrom[39m 
[32m"@/components/workflows/WorkflowCanvas"[39m[33m;[39m
 [90m   |[39m [31m[1m^[22m[39m[31m[1m^[22m[39m[31m[
1m^[22m[39m[31m[1m^[22m[39m[31m[1m^[22m[39m[31m[1m^
[22m[39m[31m[1m^[22m[39m[31m[1m^[22m[39m[31m[1m^[2
2m[39m[31m[1m^[22m[39m[31m[1m^[22m[39m[31m[1m^[22m
[39m[31m[1m^[22m[39m[31m[1m^[22m[39m[31m[1m^[22m[39
m[31m[1m^[22m[39m[31m[1m^[22m[39m[31m[1m^[22m[39m[
31m[1m^[22m[39m[31m[1m^[22m[39m[31m[1m^[22m[39m[31m
[1m^[22m[39m[31m[1m^[22m[39m[31m[1m^[22m[39m[31m[1
m^[22m[39m[31m[1m^[22m[39m[31m[1m^[22m[39m[31m[1m^
[22m[39m[31m[1m^[22m[39m[31m[1m^[22m[39m[31m[1m^[22
m[39m[31m[1m^[22m[39m[31m[1m^[22m[39m[31m[1m^[22m[
39m[31m[1m^[22m[39m[31m[1m^[22m[39m[31m[1m^[22m[39m
[31m[1m^[22m[39m[31m[1m^[22m[39m[31m[1m^[22m[39m[3
1m[1m^[22m[39m[31m[1m^[22m[39m[31m[1m^[22m[39m[31m
[1m^[22m[39m[31m[1m^[22m[39m[31m[1m^[22m[39m[31m[1m
^[22m[39m[31m[1m^[22m[39m[31m[1m^[22m[39m[31m[1m^[
22m[39m[31m[1m^[22m[39m[31m[1m^[22m[39m[31m[1m^[22m
[39m[31m[1m^[22m[39m[31m[1m^[22m[39m[31m[1m^[22m[3
9m[31m[1m^[22m[39m[31m[1m^[22m[39m[31m[1m^[22m[39m
[31m[1m^[22m[39m[31m[1m^[22m[39m[31m[1m^[22m[39m[31
m[1m^[22m[39m[31m[1m^[22m[39m[31m[1m^[22m[39m[31m[
1m^[22m[39m[31m[1m^[22m[39m[31m[1m^[22m[39m[31m[1m^
[22m[39m[31m[1m^[22m[39m[31m[1m^[22m[39m[31m[1m^[2
2m[39m[31m[1m^[22m[39m[31m[1m^[22m[39m[31m[1m^[22m
[39m[31m[1m^[22m[39m[31m[1m^[22m[39m[31m[1m^[22m[39
m[31m[1m^[22m[39m[31m[1m^[22m[39m[31m[1m^[22m[39m[
31m[1m^[22m[39m[31m[1m^[22m[39m[31m[1m^[22m[39m[31m
[1m^[22m[39m
 [90m 5 |[39m [36mimport[39m { [33mWrench[39m[33m,[39m 
[33mSearch[39m[33m,[39m [33mFilter[39m[33m,[39m 
[33mShieldCheck[39m[33m,[39m [33mZap[39m[33m,[39m 
[33mActivity[39m } [36mfrom[39m 
[32m"lucide-react"[39m[33m;[39m
 [90m 6 |[39m
 [90m 7 |[39m [36mconst[39m 
[33mCONTROL_STEPS[39m[33m:[39m [33mWorkflowStep[39m[] 
[33m=[39m [[0m

Import map: aliased to relative 
'./src/components/workflows/WorkflowCanvas' inside of 
[project]/


Import traces:
  Client Component Browser:
    ./src/app/workflows/controls/page.tsx [Client Component 
Browser]
    ./src/app/workflows/controls/page.tsx [Server Component]

  Client Component SSR:
    ./src/app/workflows/controls/page.tsx [Client Component 
SSR]
    ./src/app/workflows/controls/page.tsx [Server Component]

https://nextjs.org/docs/messages/module-not-found


./src/app/workflows/darkweb/page.tsx:4:1
Module not found: Can't resolve 
'@/components/workflows/WorkflowCanvas'
[0m [90m 2 |[39m
 [90m 3 |[39m [36mimport[39m { useState } [36mfrom[39m 
[32m"react"[39m[33m;[39m
[31m[1m>[22m[39m[90m 4 |[39m [36mimport[39m { 
[33mWorkflowCanvas[39m[33m,[39m [33mWorkflowStep[39m } 
[36mfrom[39m 
[32m"@/components/workflows/WorkflowCanvas"[39m[33m;[39m
 [90m   |[39m [31m[1m^[22m[39m[31m[1m^[22m[39m[31m[
1m^[22m[39m[31m[1m^[22m[39m[31m[1m^[22m[39m[31m[1m^
[22m[39m[31m[1m^[22m[39m[31m[1m^[22m[39m[31m[1m^[2
2m[39m[31m[1m^[22m[39m[31m[1m^[22m[39m[31m[1m^[22m
[39m[31m[1m^[22m[39m[31m[1m^[22m[39m[31m[1m^[22m[39
m[31m[1m^[22m[39m[31m[1m^[22m[39m[31m[1m^[22m[39m[
31m[1m^[22m[39m[31m[1m^[22m[39m[31m[1m^[22m[39m[31m
[1m^[22m[39m[31m[1m^[22m[39m[31m[1m^[22m[39m[31m[1
m^[22m[39m[31m[1m^[22m[39m[31m[1m^[22m[39m[31m[1m^
[22m[39m[31m[1m^[22m[39m[31m[1m^[22m[39m[31m[1m^[22
m[39m[31m[1m^[22m[39m[31m[1m^[22m[39m[31m[1m^[22m[
39m[31m[1m^[22m[39m[31m[1m^[22m[39m[31m[1m^[22m[39m
[31m[1m^[22m[39m[31m[1m^[22m[39m[31m[1m^[22m[39m[3
1m[1m^[22m[39m[31m[1m^[22m[39m[31m[1m^[22m[39m[31m
[1m^[22m[39m[31m[1m^[22m[39m[31m[1m^[22m[39m[31m[1m
^[22m[39m[31m[1m^[22m[39m[31m[1m^[22m[39m[31m[1m^[
22m[39m[31m[1m^[22m[39m[31m[1m^[22m[39m[31m[1m^[22m
[39m[31m[1m^[22m[39m[31m[1m^[22m[39m[31m[1m^[22m[3
9m[31m[1m^[22m[39m[31m[1m^[22m[39m[31m[1m^[22m[39m
[31m[1m^[22m[39m[31m[1m^[22m[39m[31m[1m^[22m[39m[31
m[1m^[22m[39m[31m[1m^[22m[39m[31m[1m^[22m[39m[31m[
1m^[22m[39m[31m[1m^[22m[39m[31m[1m^[22m[39m[31m[1m^
[22m[39m[31m[1m^[22m[39m[31m[1m^[22m[39m[31m[1m^[2
2m[39m[31m[1m^[22m[39m[31m[1m^[22m[39m[31m[1m^[22m
[39m[31m[1m^[22m[39m[31m[1m^[22m[39m[31m[1m^[22m[39
m[31m[1m^[22m[39m[31m[1m^[22m[39m[31m[1m^[22m[39m[
31m[1m^[22m[39m[31m[1m^[22m[39m[31m[1m^[22m[39m[31m
[1m^[22m[39m
 [90m 5 |[39m [36mimport[39m { [33mEye[39m[33m,[39m 
[33mSearch[39m[33m,[39m [33mFilter[39m[33m,[39m 
[33mShieldAlert[39m[33m,[39m 
[33mBadgeInfo[39m[33m,[39m [33mAlertTriangle[39m } 
[36mfrom[39m [32m"lucide-react"[39m[33m;[39m
 [90m 6 |[39m
 [90m 7 |[39m [36mconst[39m 
[33mDARKWEB_STEPS[39m[33m:[39m [33mWorkflowStep[39m[] 
[33m=[39m [[0m

Import map: aliased to relative 
'./src/components/workflows/WorkflowCanvas' inside of 
[project]/


Import traces:
  Client Component Browser:
    ./src/app/workflows/darkweb/page.tsx [Client Component 
Browser]
    ./src/app/workflows/darkweb/page.tsx [Server Component]

  Client Component SSR:
    ./src/app/workflows/darkweb/page.tsx [Client Component SSR]
    ./src/app/workflows/darkweb/page.tsx [Server Component]

https://nextjs.org/docs/messages/module-not-found


./src/app/workflows/gap-analysis/page.tsx:4:1
Module not found: Can't resolve 
'@/components/workflows/WorkflowCanvas'
[0m [90m 2 |[39m
 [90m 3 |[39m [36mimport[39m { useState } [36mfrom[39m 
[32m"react"[39m[33m;[39m
[31m[1m>[22m[39m[90m 4 |[39m [36mimport[39m { 
[33mWorkflowCanvas[39m[33m,[39m [33mWorkflowStep[39m } 
[36mfrom[39m 
[32m"@/components/workflows/WorkflowCanvas"[39m[33m;[39m
 [90m   |[39m [31m[1m^[22m[39m[31m[1m^[22m[39m[31m[
1m^[22m[39m[31m[1m^[22m[39m[31m[1m^[22m[39m[31m[1m^
[22m[39m[31m[1m^[22m[39m[31m[1m^[22m[39m[31m[1m^[2
2m[39m[31m[1m^[22m[39m[31m[1m^[22m[39m[31m[1m^[22m
[39m[31m[1m^[22m[39m[31m[1m^[22m[39m[31m[1m^[22m[39
m[31m[1m^[22m[39m[31m[1m^[22m[39m[31m[1m^[22m[39m[
31m[1m^[22m[39m[31m[1m^[22m[39m[31m[1m^[22m[39m[31m
[1m^[22m[39m[31m[1m^[22m[39m[31m[1m^[22m[39m[31m[1
m^[22m[39m[31m[1m^[22m[39m[31m[1m^[22m[39m[31m[1m^
[22m[39m[31m[1m^[22m[39m[31m[1m^[22m[39m[31m[1m^[22
m[39m[31m[1m^[22m[39m[31m[1m^[22m[39m[31m[1m^[22m[
39m[31m[1m^[22m[39m[31m[1m^[22m[39m[31m[1m^[22m[39m
[31m[1m^[22m[39m[31m[1m^[22m[39m[31m[1m^[22m[39m[3
1m[1m^[22m[39m[31m[1m^[22m[39m[31m[1m^[22m[39m[31m
[1m^[22m[39m[31m[1m^[22m[39m[31m[1m^[22m[39m[31m[1m
^[22m[39m[31m[1m^[22m[39m[31m[1m^[22m[39m[31m[1m^[
22m[39m[31m[1m^[22m[39m[31m[1m^[22m[39m[31m[1m^[22m
[39m[31m[1m^[22m[39m[31m[1m^[22m[39m[31m[1m^[22m[3
9m[31m[1m^[22m[39m[31m[1m^[22m[39m[31m[1m^[22m[39m
[31m[1m^[22m[39m[31m[1m^[22m[39m[31m[1m^[22m[39m[31
m[1m^[22m[39m[31m[1m^[22m[39m[31m[1m^[22m[39m[31m[
1m^[22m[39m[31m[1m^[22m[39m[31m[1m^[22m[39m[31m[1m^
[22m[39m[31m[1m^[22m[39m[31m[1m^[22m[39m[31m[1m^[2
2m[39m[31m[1m^[22m[39m[31m[1m^[22m[39m[31m[1m^[22m
[39m[31m[1m^[22m[39m[31m[1m^[22m[39m[31m[1m^[22m[39
m[31m[1m^[22m[39m[31m[1m^[22m[39m[31m[1m^[22m[39m[
31m[1m^[22m[39m[31m[1m^[22m[39m[31m[1m^[22m[39m[31m
[1m^[22m[39m
 [90m 5 |[39m [36mimport[39m { 
[33mLineChart[39m[33m,[39m [33mSearch[39m[33m,[39m 
[33mFilter[39m[33m,[39m [33mShieldAlert[39m[33m,[39m 
[33mFileText[39m[33m,[39m [33mArrowRight[39m[33m,[39m 
[33mTarget[39m } [36mfrom[39m 
[32m"lucide-react"[39m[33m;[39m
 [90m 6 |[39m
 [90m 7 |[39m [36mconst[39m [33mGAP_STEPS[39m[33m:[39m 
[33mWorkflowStep[39m[] [33m=[39m [[0m

Import map: aliased to relative 
'./src/components/workflows/WorkflowCanvas' inside of 
[project]/


Import traces:
  Client Component Browser:
    ./src/app/workflows/gap-analysis/page.tsx [Client 
Component Browser]
    ./src/app/workflows/gap-analysis/page.tsx [Server 
Component]

  Client Component SSR:
    ./src/app/workflows/gap-analysis/page.tsx [Client 
Component SSR]
    ./src/app/workflows/gap-analysis/page.tsx [Server 
Component]

https://nextjs.org/docs/messages/module-not-found


./src/app/workflows/infrastructure/page.tsx:4:1
Module not found: Can't resolve 
'@/components/workflows/WorkflowCanvas'
[0m [90m 2 |[39m
 [90m 3 |[39m [36mimport[39m { useState } [36mfrom[39m 
[32m"react"[39m[33m;[39m
[31m[1m>[22m[39m[90m 4 |[39m [36mimport[39m { 
[33mWorkflowCanvas[39m[33m,[39m [33mWorkflowStep[39m } 
[36mfrom[39m 
[32m"@/components/workflows/WorkflowCanvas"[39m[33m;[39m
 [90m   |[39m [31m[1m^[22m[39m[31m[1m^[22m[39m[31m[
1m^[22m[39m[31m[1m^[22m[39m[31m[1m^[22m[39m[31m[1m^
[22m[39m[31m[1m^[22m[39m[31m[1m^[22m[39m[31m[1m^[2
2m[39m[31m[1m^[22m[39m[31m[1m^[22m[39m[31m[1m^[22m
[39m[31m[1m^[22m[39m[31m[1m^[22m[39m[31m[1m^[22m[39
m[31m[1m^[22m[39m[31m[1m^[22m[39m[31m[1m^[22m[39m[
31m[1m^[22m[39m[31m[1m^[22m[39m[31m[1m^[22m[39m[31m
[1m^[22m[39m[31m[1m^[22m[39m[31m[1m^[22m[39m[31m[1
m^[22m[39m[31m[1m^[22m[39m[31m[1m^[22m[39m[31m[1m^
[22m[39m[31m[1m^[22m[39m[31m[1m^[22m[39m[31m[1m^[22
m[39m[31m[1m^[22m[39m[31m[1m^[22m[39m[31m[1m^[22m[
39m[31m[1m^[22m[39m[31m[1m^[22m[39m[31m[1m^[22m[39m
[31m[1m^[22m[39m[31m[1m^[22m[39m[31m[1m^[22m[39m[3
1m[1m^[22m[39m[31m[1m^[22m[39m[31m[1m^[22m[39m[31m
[1m^[22m[39m[31m[1m^[22m[39m[31m[1m^[22m[39m[31m[1m
^[22m[39m[31m[1m^[22m[39m[31m[1m^[22m[39m[31m[1m^[
22m[39m[31m[1m^[22m[39m[31m[1m^[22m[39m[31m[1m^[22m
[39m[31m[1m^[22m[39m[31m[1m^[22m[39m[31m[1m^[22m[3
9m[31m[1m^[22m[39m[31m[1m^[22m[39m[31m[1m^[22m[39m
[31m[1m^[22m[39m[31m[1m^[22m[39m[31m[1m^[22m[39m[31
m[1m^[22m[39m[31m[1m^[22m[39m[31m[1m^[22m[39m[31m[
1m^[22m[39m[31m[1m^[22m[39m[31m[1m^[22m[39m[31m[1m^
[22m[39m[31m[1m^[22m[39m[31m[1m^[22m[39m[31m[1m^[2
2m[39m[31m[1m^[22m[39m[31m[1m^[22m[39m[31m[1m^[22m
[39m[31m[1m^[22m[39m[31m[1m^[22m[39m[31m[1m^[22m[39
m[31m[1m^[22m[39m[31m[1m^[22m[39m[31m[1m^[22m[39m[
31m[1m^[22m[39m[31m[1m^[22m[39m[31m[1m^[22m[39m[31m
[1m^[22m[39m
 [90m 5 |[39m [36mimport[39m { [33mCloud[39m[33m,[39m 
[33mSearch[39m[33m,[39m [33mFilter[39m[33m,[39m 
[33mShieldAlert[39m[33m,[39m 
[33mCheckCircle2[39m[33m,[39m 
[33mServerCog[39m[33m,[39m [33mAlertTriangle[39m } 
[36mfrom[39m [32m"lucide-react"[39m[33m;[39m
 [90m 6 |[39m
 [90m 7 |[39m [36mconst[39m 
[33mINFRASTRUCTURE_STEPS[39m[33m:[39m 
[33mWorkflowStep[39m[] [33m=[39m [[0m

Import map: aliased to relative 
'./src/components/workflows/WorkflowCanvas' inside of 
[project]/


Import traces:
  Client Component Browser:
    ./src/app/workflows/infrastructure/page.tsx [Client 
Component Browser]
    ./src/app/workflows/infrastructure/page.tsx [Server 
Component]

  Client Component SSR:
    ./src/app/workflows/infrastructure/page.tsx [Client 
Component SSR]
    ./src/app/workflows/infrastructure/page.tsx [Server 
Component]

https://nextjs.org/docs/messages/module-not-found


./src/app/workflows/osint/page.tsx:4:1
Module not found: Can't resolve 
'@/components/workflows/WorkflowCanvas'
[0m [90m 2 |[39m
 [90m 3 |[39m [36mimport[39m { useState } [36mfrom[39m 
[32m"react"[39m[33m;[39m
[31m[1m>[22m[39m[90m 4 |[39m [36mimport[39m { 
[33mWorkflowCanvas[39m[33m,[39m [33mWorkflowStep[39m } 
[36mfrom[39m 
[32m"@/components/workflows/WorkflowCanvas"[39m[33m;[39m
 [90m   |[39m [31m[1m^[22m[39m[31m[1m^[22m[39m[31m[
1m^[22m[39m[31m[1m^[22m[39m[31m[1m^[22m[39m[31m[1m^
[22m[39m[31m[1m^[22m[39m[31m[1m^[22m[39m[31m[1m^[2
2m[39m[31m[1m^[22m[39m[31m[1m^[22m[39m[31m[1m^[22m
[39m[31m[1m^[22m[39m[31m[1m^[22m[39m[31m[1m^[22m[39
m[31m[1m^[22m[39m[31m[1m^[22m[39m[31m[1m^[22m[39m[
31m[1m^[22m[39m[31m[1m^[22m[39m[31m[1m^[22m[39m[31m
[1m^[22m[39m[31m[1m^[22m[39m[31m[1m^[22m[39m[31m[1
m^[22m[39m[31m[1m^[22m[39m[31m[1m^[22m[39m[31m[1m^
[22m[39m[31m[1m^[22m[39m[31m[1m^[22m[39m[31m[1m^[22
m[39m[31m[1m^[22m[39m[31m[1m^[22m[39m[31m[1m^[22m[
39m[31m[1m^[22m[39m[31m[1m^[22m[39m[31m[1m^[22m[39m
[31m[1m^[22m[39m[31m[1m^[22m[39m[31m[1m^[22m[39m[3
1m[1m^[22m[39m[31m[1m^[22m[39m[31m[1m^[22m[39m[31m
[1m^[22m[39m[31m[1m^[22m[39m[31m[1m^[22m[39m[31m[1m
^[22m[39m[31m[1m^[22m[39m[31m[1m^[22m[39m[31m[1m^[
22m[39m[31m[1m^[22m[39m[31m[1m^[22m[39m[31m[1m^[22m
[39m[31m[1m^[22m[39m[31m[1m^[22m[39m[31m[1m^[22m[3
9m[31m[1m^[22m[39m[31m[1m^[22m[39m[31m[1m^[22m[39m
[31m[1m^[22m[39m[31m[1m^[22m[39m[31m[1m^[22m[39m[31
m[1m^[22m[39m[31m[1m^[22m[39m[31m[1m^[22m[39m[31m[
1m^[22m[39m[31m[1m^[22m[39m[31m[1m^[22m[39m[31m[1m^
[22m[39m[31m[1m^[22m[39m[31m[1m^[22m[39m[31m[1m^[2
2m[39m[31m[1m^[22m[39m[31m[1m^[22m[39m[31m[1m^[22m
[39m[31m[1m^[22m[39m[31m[1m^[22m[39m[31m[1m^[22m[39
m[31m[1m^[22m[39m[31m[1m^[22m[39m[31m[1m^[22m[39m[
31m[1m^[22m[39m[31m[1m^[22m[39m[31m[1m^[22m[39m[31m
[1m^[22m[39m
 [90m 5 |[39m [36mimport[39m { 
[33mGlobeLock[39m[33m,[39m [33mSearch[39m[33m,[39m 
[33mFilter[39m[33m,[39m [33mShieldAlert[39m[33m,[39m 
[33mFileText[39m[33m,[39m [33mUploadCloud[39m[33m,[39m 
[33mAlertCircle[39m } [36mfrom[39m 
[32m"lucide-react"[39m[33m;[39m
 [90m 6 |[39m
 [90m 7 |[39m [36mconst[39m 
[33mOSINT_STEPS[39m[33m:[39m [33mWorkflowStep[39m[] 
[33m=[39m [[0m

Import map: aliased to relative 
'./src/components/workflows/WorkflowCanvas' inside of 
[project]/


Import traces:
  Client Component Browser:
    ./src/app/workflows/osint/page.tsx [Client Component 
Browser]
    ./src/app/workflows/osint/page.tsx [Server Component]

  Client Component SSR:
    ./src/app/workflows/osint/page.tsx [Client Component SSR]
    ./src/app/workflows/osint/page.tsx [Server Component]

https://nextjs.org/docs/messages/module-not-found


./src/app/workflows/vulnerability/page.tsx:4:1
Module not found: Can't resolve 
'@/components/workflows/WorkflowCanvas'
[0m [90m 2 |[39m
 [90m 3 |[39m [36mimport[39m { useState } [36mfrom[39m 
[32m"react"[39m[33m;[39m
[31m[1m>[22m[39m[90m 4 |[39m [36mimport[39m { 
[33mWorkflowCanvas[39m[33m,[39m [33mWorkflowStep[39m } 
[36mfrom[39m 
[32m"@/components/workflows/WorkflowCanvas"[39m[33m;[39m
 [90m   |[39m [31m[1m^[22m[39m[31m[1m^[22m[39m[31m[
1m^[22m[39m[31m[1m^[22m[39m[31m[1m^[22m[39m[31m[1m^
[22m[39m[31m[1m^[22m[39m[31m[1m^[22m[39m[31m[1m^[2
2m[39m[31m[1m^[22m[39m[31m[1m^[22m[39m[31m[1m^[22m
[39m[31m[1m^[22m[39m[31m[1m^[22m[39m[31m[1m^[22m[39
m[31m[1m^[22m[39m[31m[1m^[22m[39m[31m[1m^[22m[39m[
31m[1m^[22m[39m[31m[1m^[22m[39m[31m[1m^[22m[39m[31m
[1m^[22m[39m[31m[1m^[22m[39m[31m[1m^[22m[39m[31m[1
m^[22m[39m[31m[1m^[22m[39m[31m[1m^[22m[39m[31m[1m^
[22m[39m[31m[1m^[22m[39m[31m[1m^[22m[39m[31m[1m^[22
m[39m[31m[1m^[22m[39m[31m[1m^[22m[39m[31m[1m^[22m[
39m[31m[1m^[22m[39m[31m[1m^[22m[39m[31m[1m^[22m[39m
[31m[1m^[22m[39m[31m[1m^[22m[39m[31m[1m^[22m[39m[3
1m[1m^[22m[39m[31m[1m^[22m[39m[31m[1m^[22m[39m[31m
[1m^[22m[39m[31m[1m^[22m[39m[31m[1m^[22m[39m[31m[1m
^[22m[39m[31m[1m^[22m[39m[31m[1m^[22m[39m[31m[1m^[
22m[39m[31m[1m^[22m[39m[31m[1m^[22m[39m[31m[1m^[22m
[39m[31m[1m^[22m[39m[31m[1m^[22m[39m[31m[1m^[22m[3
9m[31m[1m^[22m[39m[31m[1m^[22m[39m[31m[1m^[22m[39m
[31m[1m^[22m[39m[31m[1m^[22m[39m[31m[1m^[22m[39m[31
m[1m^[22m[39m[31m[1m^[22m[39m[31m[1m^[22m[39m[31m[
1m^[22m[39m[31m[1m^[22m[39m[31m[1m^[22m[39m[31m[1m^
[22m[39m[31m[1m^[22m[39m[31m[1m^[22m[39m[31m[1m^[2
2m[39m[31m[1m^[22m[39m[31m[1m^[22m[39m[31m[1m^[22m
[39m[31m[1m^[22m[39m[31m[1m^[22m[39m[31m[1m^[22m[39
m[31m[1m^[22m[39m[31m[1m^[22m[39m[31m[1m^[22m[39m[
31m[1m^[22m[39m[31m[1m^[22m[39m[31m[1m^[22m[39m[31m
[1m^[22m[39m
 [90m 5 |[39m [36mimport[39m { 
[33mShieldAlert[39m[33m,[39m [33mSearch[39m[33m,[39m 
[33mFilter[39m[33m,[39m [33mBug[39m[33m,[39m 
[33mCheckCircle2[39m[33m,[39m [33mArrowRight[39m } 
[36mfrom[39m [32m"lucide-react"[39m[33m;[39m
 [90m 6 |[39m
 [90m 7 |[39m [36mconst[39m 
[33mVULNERABILITY_STEPS[39m[33m:[39m 
[33mWorkflowStep[39m[] [33m=[39m [[0m

Import map: aliased to relative 
'./src/components/workflows/WorkflowCanvas' inside of 
[project]/


Import traces:
  Client Component Browser:
    ./src/app/workflows/vulnerability/page.tsx [Client 
Component Browser]
    ./src/app/workflows/vulnerability/page.tsx [Server 
Component]

  Client Component SSR:
    ./src/app/workflows/vulnerability/page.tsx [Client 
Component SSR]
    ./src/app/workflows/vulnerability/page.tsx [Server 
Component]

https://nextjs.org/docs/messages/module-not-found


    at <unknown> (./src/app/workflows/controls/page.tsx:4:1)
    at <unknown> 
(https://nextjs.org/docs/messages/module-not-found)
    at <unknown> (./src/app/workflows/darkweb/page.tsx:4:1)
    at <unknown> 
(https://nextjs.org/docs/messages/module-not-found)
    at <unknown> 
(./src/app/workflows/gap-analysis/page.tsx:4:1)
    at <unknown> 
(https://nextjs.org/docs/messages/module-not-found)
    at <unknown> 
(./src/app/workflows/infrastructure/page.tsx:4:1)
    at <unknown> 
(https://nextjs.org/docs/messages/module-not-found)
    at <unknown> (./src/app/workflows/osint/page.tsx:4:1)
    at <unknown> 
(https://nextjs.org/docs/messages/module-not-found)
    at <unknown> 
(./src/app/workflows/vulnerability/page.tsx:4:1)
    at <unknown> 
(https://nextjs.org/docs/messages/module-not-found)
